// Jest Snapshot v1, https://goo.gl/fbAQLP

exports[`<Type /> renders correctly 1`] = `
<View
  style={
    {
      "alignItems": "center",
      "flexDirection": "row",
      "justifyContent": "center",
    }
  }
>
  <View
    style={
      {
        "backgroundColor": "#F7D02C",
        "borderRadius": 20,
        "marginHorizontal": 10,
        "paddingHorizontal": 30,
        "paddingVertical": 4,
      }
    }
  >
    <Text
      style={
        [
          {
            "color": "black",
            "fontSize": 16,
            "letterSpacing": 0.2,
            "lineHeight": 24,
          },
          {
            "color": "white",
          },
        ]
      }
    >
      Electric
    </Text>
  </View>
  <View
    style={
      {
        "backgroundColor": "#E2BF65",
        "borderRadius": 20,
        "marginHorizontal": 10,
        "paddingHorizontal": 30,
        "paddingVertical": 4,
      }
    }
  >
    <Text
      style={
        [
          {
            "color": "black",
            "fontSize": 16,
            "letterSpacing": 0.2,
            "lineHeight": 24,
          },
          {
            "color": "white",
          },
        ]
      }
    >
      Ground
    </Text>
  </View>
</View>
`;
